// Jest Snapshot v1, https://goo.gl/fbAQLP

exports[`ホームページ 1`] = `
<div>
  <div
    class="css-0"
  >
    <h1
      class="css-0"
    >
      Hello Jest!
    </h1>
  </div>
</div>
`;
